#start dt, sid, uid, place id, 1st actionId, 1st action paramId, a1pv1, a1pv2, ds1id, 2nd actionId, 2nd action paramId, a2pv1, a2pv2 
2016-10-16 10:10:09,session01,people1,place1,action1,param1,10,0.5,data1,action2,param1,10,0.5, 
2016-10-16 10:10:10,session02,people1,place1,action1,param1,20,0.5,data1,action2,param1,20,0.5, 
2016-10-16 10:10:11,session03,people1,place1,action1,param1,30,0.5,data1,action2,param1,30,0.5, 
2016-10-16 10:10:12,session04,people1,place1,action1,param1,40,0.5,data1,action2,param1,40,0.5, 
2016-10-16 10:10:13,session05,people1,place1,action1,param1,50,0.5,data1,action2,param1,50,0.5, 
2016-10-16 10:10:14,session06,people1,place1,action1,param1,60,0.5,data1,action2,param1,60,0.5, 
2016-10-16 10:10:15,session07,people1,place1,action1,param1,70,0.5,data1,action2,param1,70,0.5, 
2016-10-16 10:10:16,session08,people1,place1,action1,param1,80,0.5,data1,action2,param1,80,0.5, 
2016-10-16 10:10:17,session09,people1,place1,action1,param1,10,0.5,data1,action2,param1,10,0.5, 
2016-10-16 10:10:18,session10,people1,place1,action1,param1,10,0.5,data1,action2,param1,10,0.5, 
2016-10-16 10:10:19,session11,people1,place1,action1,param1,10,0.5,data1,action2,param1,10,0.5, 
2016-10-16 10:10:20,session12,people1,place1,action1,param1,10,0.5,data1,action2,param1,10,0.5, 
2016-10-16 10:10:21,session13,people1,place1,action1,param1,20,0.5,data1,action2,param1,20,0.5, 
2016-10-16 10:10:22,session14,people1,place1,action1,param1,40,0.5,data1,action2,param1,40,0.5, 
2016-10-16 10:10:23,session15,people1,place1,action1,param1,50,0.5,data1,action2,param1,50,0.5, 